Archive member included to satisfy reference by file (symbol)

/usr/lib/gcc/arm-none-eabi/4.9.3/../../../arm-none-eabi/lib/armv7-m/libc_nano.a(lib_a-atexit.o)
                              /usr/lib/gcc/arm-none-eabi/4.9.3/../../../arm-none-eabi/lib/armv7-m/crt0.o (atexit)
/usr/lib/gcc/arm-none-eabi/4.9.3/../../../arm-none-eabi/lib/armv7-m/libc_nano.a(lib_a-exit.o)
                              /usr/lib/gcc/arm-none-eabi/4.9.3/../../../arm-none-eabi/lib/armv7-m/crt0.o (exit)
/usr/lib/gcc/arm-none-eabi/4.9.3/../../../arm-none-eabi/lib/armv7-m/libc_nano.a(lib_a-fini.o)
                              /usr/lib/gcc/arm-none-eabi/4.9.3/../../../arm-none-eabi/lib/armv7-m/crt0.o (__libc_fini_array)
/usr/lib/gcc/arm-none-eabi/4.9.3/../../../arm-none-eabi/lib/armv7-m/libc_nano.a(lib_a-impure.o)
                              /usr/lib/gcc/arm-none-eabi/4.9.3/../../../arm-none-eabi/lib/armv7-m/libc_nano.a(lib_a-exit.o) (_global_impure_ptr)
/usr/lib/gcc/arm-none-eabi/4.9.3/../../../arm-none-eabi/lib/armv7-m/libc_nano.a(lib_a-init.o)
                              /usr/lib/gcc/arm-none-eabi/4.9.3/../../../arm-none-eabi/lib/armv7-m/crt0.o (__libc_init_array)
/usr/lib/gcc/arm-none-eabi/4.9.3/../../../arm-none-eabi/lib/armv7-m/libc_nano.a(lib_a-memcpy.o)
                              build/queue.o (memcpy)
/usr/lib/gcc/arm-none-eabi/4.9.3/../../../arm-none-eabi/lib/armv7-m/libc_nano.a(lib_a-memset.o)
                              /usr/lib/gcc/arm-none-eabi/4.9.3/../../../arm-none-eabi/lib/armv7-m/crt0.o (memset)
/usr/lib/gcc/arm-none-eabi/4.9.3/../../../arm-none-eabi/lib/armv7-m/libc_nano.a(lib_a-__atexit.o)
                              /usr/lib/gcc/arm-none-eabi/4.9.3/../../../arm-none-eabi/lib/armv7-m/libc_nano.a(lib_a-atexit.o) (__register_exitproc)
/usr/lib/gcc/arm-none-eabi/4.9.3/../../../arm-none-eabi/lib/armv7-m/libc_nano.a(lib_a-__call_atexit.o)
                              /usr/lib/gcc/arm-none-eabi/4.9.3/../../../arm-none-eabi/lib/armv7-m/libc_nano.a(lib_a-__atexit.o) (__call_exitprocs)
/usr/lib/gcc/arm-none-eabi/4.9.3/../../../arm-none-eabi/lib/armv7-m/libnosys.a(_exit.o)
                              /usr/lib/gcc/arm-none-eabi/4.9.3/../../../arm-none-eabi/lib/armv7-m/libc_nano.a(lib_a-exit.o) (_exit)

Allocating common symbols
Common symbol       size              file

defaultTaskHandle   0x4               build/main.o
uwTick              0x4               build/stm32f1xx_hal.o
xQueueRegistry      0x40              build/queue.o
pFlash              0x20              build/stm32f1xx_hal_flash.o

Discarded input sections

 .text          0x0000000000000000        0x0 /usr/lib/gcc/arm-none-eabi/4.9.3/armv7-m/crti.o
 .data          0x0000000000000000        0x0 /usr/lib/gcc/arm-none-eabi/4.9.3/armv7-m/crti.o
 .bss           0x0000000000000000        0x0 /usr/lib/gcc/arm-none-eabi/4.9.3/armv7-m/crti.o
 .data          0x0000000000000000        0x4 /usr/lib/gcc/arm-none-eabi/4.9.3/armv7-m/crtbegin.o
 .text          0x0000000000000000       0x68 /usr/lib/gcc/arm-none-eabi/4.9.3/../../../arm-none-eabi/lib/armv7-m/crt0.o
 .data          0x0000000000000000        0x0 /usr/lib/gcc/arm-none-eabi/4.9.3/../../../arm-none-eabi/lib/armv7-m/crt0.o
 .bss           0x0000000000000000        0x0 /usr/lib/gcc/arm-none-eabi/4.9.3/../../../arm-none-eabi/lib/armv7-m/crt0.o
 .ARM.extab     0x0000000000000000        0x0 /usr/lib/gcc/arm-none-eabi/4.9.3/../../../arm-none-eabi/lib/armv7-m/crt0.o
 .ARM.exidx     0x0000000000000000        0x8 /usr/lib/gcc/arm-none-eabi/4.9.3/../../../arm-none-eabi/lib/armv7-m/crt0.o
 .debug_line    0x0000000000000000       0x7b /usr/lib/gcc/arm-none-eabi/4.9.3/../../../arm-none-eabi/lib/armv7-m/crt0.o
 .debug_info    0x0000000000000000       0xa8 /usr/lib/gcc/arm-none-eabi/4.9.3/../../../arm-none-eabi/lib/armv7-m/crt0.o
 .debug_abbrev  0x0000000000000000       0x14 /usr/lib/gcc/arm-none-eabi/4.9.3/../../../arm-none-eabi/lib/armv7-m/crt0.o
 .debug_aranges
                0x0000000000000000       0x20 /usr/lib/gcc/arm-none-eabi/4.9.3/../../../arm-none-eabi/lib/armv7-m/crt0.o
 .ARM.attributes
                0x0000000000000000       0x1b /usr/lib/gcc/arm-none-eabi/4.9.3/../../../arm-none-eabi/lib/armv7-m/crt0.o
 .text          0x0000000000000000        0x0 build/main.o
 .data          0x0000000000000000        0x0 build/main.o
 .bss           0x0000000000000000        0x0 build/main.o
 .text          0x0000000000000000        0x0 build/freertos.o
 .data          0x0000000000000000        0x0 build/freertos.o
 .bss           0x0000000000000000        0x0 build/freertos.o
 .debug_info    0x0000000000000000       0x72 build/freertos.o
 .debug_abbrev  0x0000000000000000       0x26 build/freertos.o
 .debug_aranges
                0x0000000000000000       0x18 build/freertos.o
 .debug_line    0x0000000000000000       0x1d build/freertos.o
 .debug_str     0x0000000000000000      0x128 build/freertos.o
 .comment       0x0000000000000000       0x39 build/freertos.o
 .ARM.attributes
[...]
Memory Configuration

Name             Origin             Length             Attributes
RAM              0x0000000020000000 0x0000000000010000 xrw
FLASH            0x0000000008000000 0x0000000000080000 xr
*default*        0x0000000000000000 0xffffffffffffffff

Linker script and memory map

LOAD /usr/lib/gcc/arm-none-eabi/4.9.3/armv7-m/crti.o
LOAD /usr/lib/gcc/arm-none-eabi/4.9.3/armv7-m/crtbegin.o
LOAD /usr/lib/gcc/arm-none-eabi/4.9.3/../../../arm-none-eabi/lib/armv7-m/crt0.o
LOAD build/main.o
LOAD build/freertos.o
LOAD build/stm32f1xx_it.o
LOAD build/stm32f1xx_hal_msp.o
LOAD build/stm32f1xx_hal_gpio_ex.o
LOAD build/stm32f1xx_hal_tim.o
LOAD build/stm32f1xx_hal_tim_ex.o
LOAD build/stm32f1xx_hal.o
LOAD build/stm32f1xx_hal_rcc.o
LOAD build/stm32f1xx_hal_rcc_ex.o
LOAD build/stm32f1xx_hal_gpio.o
LOAD build/stm32f1xx_hal_dma.o
LOAD build/stm32f1xx_hal_cortex.o
LOAD build/stm32f1xx_hal_pwr.o
LOAD build/stm32f1xx_hal_flash.o
LOAD build/stm32f1xx_hal_flash_ex.o
LOAD build/system_stm32f1xx.o
LOAD build/heap_4.o
LOAD build/port.o
LOAD build/croutine.o
LOAD build/event_groups.o
LOAD build/list.o
LOAD build/queue.o
LOAD build/tasks.o
LOAD build/timers.o
LOAD build/cmsis_os.o
LOAD build/startup_stm32f103xe.o
LOAD /usr/lib/gcc/arm-none-eabi/4.9.3/../../../arm-none-eabi/lib/armv7-m/libc_nano.a
LOAD /usr/lib/gcc/arm-none-eabi/4.9.3/../../../arm-none-eabi/lib/armv7-m/libm.a
LOAD /usr/lib/gcc/arm-none-eabi/4.9.3/../../../arm-none-eabi/lib/armv7-m/libnosys.a
START GROUP
LOAD /usr/lib/gcc/arm-none-eabi/4.9.3/armv7-m/libgcc.a
LOAD /usr/lib/gcc/arm-none-eabi/4.9.3/../../../arm-none-eabi/lib/armv7-m/libc_nano.a
END GROUP
START GROUP
LOAD /usr/lib/gcc/arm-none-eabi/4.9.3/armv7-m/libgcc.a
LOAD /usr/lib/gcc/arm-none-eabi/4.9.3/../../../arm-none-eabi/lib/armv7-m/libc_nano.a
END GROUP
LOAD /usr/lib/gcc/arm-none-eabi/4.9.3/armv7-m/crtend.o
LOAD /usr/lib/gcc/arm-none-eabi/4.9.3/armv7-m/crtn.o
                0x0000000020010000                _estack = 0x20010000
                0x0000000000000200                _Min_Heap_Size = 0x200
                0x0000000000000400                _Min_Stack_Size = 0x400

.isr_vector     0x0000000008000000      0x1e4
                0x0000000008000000                . = ALIGN (0x4)
 *(.isr_vector)
 .isr_vector    0x0000000008000000      0x1e4 build/startup_stm32f103xe.o
                0x0000000008000000                g_pfnVectors
                0x00000000080001e4                . = ALIGN (0x4)

.text           0x00000000080001f0     0x175c
                0x00000000080001f0                . = ALIGN (0x4)
 *(.text)
 .text          0x00000000080001f0       0xa4 /usr/lib/gcc/arm-none-eabi/4.9.3/armv7-m/crtbegin.o
 *(.text*)
 .text.MX_GPIO_Init
                0x0000000008000294       0x30 build/main.o
 .text.StartDefaultTask
                0x00000000080002c4        0xc build/main.o
                0x00000000080002c4                StartDefaultTask
 .text._Error_Handler
                0x00000000080002d0        0x4 build/main.o
                0x00000000080002d0                _Error_Handler
 .text.SystemClock_Config
                0x00000000080002d4       0x84 build/main.o
                0x00000000080002d4                SystemClock_Config
 .text.main     0x0000000008000358       0x38 build/main.o
                0x0000000008000358                main
 .text.NMI_Handler
                0x0000000008000390        0x4 build/stm32f1xx_it.o
                0x0000000008000390                NMI_Handler
 .text.HardFault_Handler
                0x0000000008000394        0x4 build/stm32f1xx_it.o
                0x0000000008000394                HardFault_Handler
 .text.MemManage_Handler
                0x0000000008000398        0x4 build/stm32f1xx_it.o
                0x0000000008000398                MemManage_Handler
 .text.BusFault_Handler
                0x000000000800039c        0x4 build/stm32f1xx_it.o
                0x000000000800039c                BusFault_Handler
 .text.UsageFault_Handler
                0x00000000080003a0        0x4 build/stm32f1xx_it.o
                0x00000000080003a0                UsageFault_Handler
 .text.DebugMon_Handler
                0x00000000080003a4        0x4 build/stm32f1xx_it.o
                0x00000000080003a4                DebugMon_Handler
 .text.SysTick_Handler
                0x00000000080003a8        0xc build/stm32f1xx_it.o
                0x00000000080003a8                SysTick_Handler
 .text.HAL_MspInit
                0x00000000080003b4       0xa0 build/stm32f1xx_hal_msp.o
                0x00000000080003b4                HAL_MspInit
 .text.HAL_InitTick
                0x0000000008000454       0x4c build/stm32f1xx_hal.o
                0x0000000008000454                HAL_InitTick
 .text.HAL_Init
                0x00000000080004a0       0x24 build/stm32f1xx_hal.o
                0x00000000080004a0                HAL_Init
 .text.HAL_IncTick
                0x00000000080004c4       0x18 build/stm32f1xx_hal.o
                0x00000000080004c4                HAL_IncTick
 .text.HAL_GetTick
                0x00000000080004dc        0xc build/stm32f1xx_hal.o
                0x00000000080004dc                HAL_GetTick
 .text.RCC_Delay
                0x00000000080004e8       0x2c build/stm32f1xx_hal_rcc.o
 .text.HAL_RCC_OscConfig
                0x0000000008000514      0x400 build/stm32f1xx_hal_rcc.o
                0x0000000008000514                HAL_RCC_OscConfig
 .text.HAL_RCC_GetSysClockFreq
                0x0000000008000914       0x70 build/stm32f1xx_hal_rcc.o
                0x0000000008000914                HAL_RCC_GetSysClockFreq
 .text.HAL_RCC_ClockConfig
                0x0000000008000984      0x184 build/stm32f1xx_hal_rcc.o
                0x0000000008000984                HAL_RCC_ClockConfig
 .text.HAL_RCC_GetHCLKFreq
                0x0000000008000b08        0xc build/stm32f1xx_hal_rcc.o
                0x0000000008000b08                HAL_RCC_GetHCLKFreq
 .text.HAL_NVIC_SetPriorityGrouping
                0x0000000008000b14       0x24 build/stm32f1xx_hal_cortex.o
                0x0000000008000b14                HAL_NVIC_SetPriorityGrouping
 .text.HAL_NVIC_SetPriority
                0x0000000008000b38       0x64 build/stm32f1xx_hal_cortex.o
                0x0000000008000b38                HAL_NVIC_SetPriority
 .text.HAL_SYSTICK_Config
                0x0000000008000b9c       0x2c build/stm32f1xx_hal_cortex.o
                0x0000000008000b9c                HAL_SYSTICK_Config
 .text.HAL_SYSTICK_CLKSourceConfig
                0x0000000008000bc8       0x20 build/stm32f1xx_hal_cortex.o
                0x0000000008000bc8                HAL_SYSTICK_CLKSourceConfig
 .text.SystemInit
                0x0000000008000be8       0x4c build/system_stm32f1xx.o
                0x0000000008000be8                SystemInit
 .text.prvHeapInit
                0x0000000008000c34       0x64 build/heap_4.o
 .text.prvInsertBlockIntoFreeList
                0x0000000008000c98       0x58 build/heap_4.o
 .text.pvPortMalloc
                0x0000000008000cf0       0xec build/heap_4.o
                0x0000000008000cf0                pvPortMalloc
 .text.vPortFree
                0x0000000008000ddc       0x78 build/heap_4.o
                0x0000000008000ddc                vPortFree
 .text.prvTaskExitError
                0x0000000008000e54       0x34 build/port.o
 .text.prvPortStartFirstTask
                0x0000000008000e88       0x20 build/port.o
 .text.pxPortInitialiseStack
                0x0000000008000ea8       0x24 build/port.o
                0x0000000008000ea8                pxPortInitialiseStack
 *fill*         0x0000000008000ecc        0x4 
 .text.SVC_Handler
                0x0000000008000ed0       0x24 build/port.o
                0x0000000008000ed0                SVC_Handler
 .text.vPortEnterCritical
                0x0000000008000ef4       0x44 build/port.o
                0x0000000008000ef4                vPortEnterCritical
 .text.vPortExitCritical
                0x0000000008000f38       0x2c build/port.o
                0x0000000008000f38                vPortExitCritical
 *fill*         0x0000000008000f64        0xc 
 .text.PendSV_Handler
                0x0000000008000f70       0x44 build/port.o
                0x0000000008000f70                PendSV_Handler
 .text.xPortSysTickHandler
                0x0000000008000fb4       0x2c build/port.o
                0x0000000008000fb4                xPortSysTickHandler
 .text.vPortSetupTimerInterrupt
                0x0000000008000fe0       0x2c build/port.o
                0x0000000008000fe0                vPortSetupTimerInterrupt
 .text.xPortStartScheduler
                0x000000000800100c       0x98 build/port.o
                0x000000000800100c                xPortStartScheduler
 .text.vListInitialise
                0x00000000080010a4       0x18 build/list.o
                0x00000000080010a4                vListInitialise
 .text.vListInitialiseItem
                0x00000000080010bc        0x8 build/list.o
                0x00000000080010bc                vListInitialiseItem
 .text.vListInsertEnd
                0x00000000080010c4       0x18 build/list.o
                0x00000000080010c4                vListInsertEnd
 .text.vListInsert
                0x00000000080010dc       0x34 build/list.o
                0x00000000080010dc                vListInsert
 .text.uxListRemove
                0x0000000008001110       0x24 build/list.o
                0x0000000008001110                uxListRemove
 .text.prvResetNextTaskUnblockTime
                0x0000000008001134       0x34 build/tasks.o
 .text.prvDeleteTCB
                0x0000000008001168       0x14 build/tasks.o
 .text.prvInitialiseNewTask
                0x000000000800117c       0x80 build/tasks.o
 .text.prvInitialiseTaskLists
                0x00000000080011fc       0x68 build/tasks.o
 .text.prvAddNewTaskToReadyList
                0x0000000008001264       0xa8 build/tasks.o
 .text.prvAddCurrentTaskToDelayedList
                0x000000000800130c       0x94 build/tasks.o
 .text.xTaskCreate
                0x00000000080013a0       0x64 build/tasks.o
                0x00000000080013a0                xTaskCreate
 .text.vTaskStartScheduler
                0x0000000008001404       0x7c build/tasks.o
                0x0000000008001404                vTaskStartScheduler
 .text.vTaskSuspendAll
                0x0000000008001480       0x10 build/tasks.o
                0x0000000008001480                vTaskSuspendAll
 .text.xTaskIncrementTick
                0x0000000008001490      0x124 build/tasks.o
                0x0000000008001490                xTaskIncrementTick
 .text.xTaskResumeAll
                0x00000000080015b4       0xf8 build/tasks.o
                0x00000000080015b4                xTaskResumeAll
 .text.vTaskDelay
                0x00000000080016ac       0x50 build/tasks.o
                0x00000000080016ac                vTaskDelay
 .text.prvCheckTasksWaitingTermination
                0x00000000080016fc       0x54 build/tasks.o
 .text.prvIdleTask
                0x0000000008001750       0x28 build/tasks.o
 .text.vTaskSwitchContext
                0x0000000008001778       0x98 build/tasks.o
                0x0000000008001778                vTaskSwitchContext
 .text.xTaskGetSchedulerState
                0x0000000008001810       0x20 build/tasks.o
                0x0000000008001810                xTaskGetSchedulerState
 .text.makeFreeRtosPriority
                0x0000000008001830        0xc build/cmsis_os.o
 .text.osKernelStart
                0x000000000800183c        0xc build/cmsis_os.o
                0x000000000800183c                osKernelStart
 .text.osThreadCreate
                0x0000000008001848       0x34 build/cmsis_os.o
                0x0000000008001848                osThreadCreate
 .text.osDelay  0x000000000800187c       0x10 build/cmsis_os.o
                0x000000000800187c                osDelay
 .text.osSystickHandler
                0x000000000800188c       0x10 build/cmsis_os.o
                0x000000000800188c                osSystickHandler
 .text.Reset_Handler
                0x000000000800189c       0x48 build/startup_stm32f103xe.o
                0x000000000800189c                Reset_Handler
 .text.Default_Handler
                0x00000000080018e4        0x2 build/startup_stm32f103xe.o
                0x00000000080018e4                RTC_Alarm_IRQHandler
                0x00000000080018e4                EXTI2_IRQHandler
                0x00000000080018e4                TIM8_TRG_COM_IRQHandler
                0x00000000080018e4                TIM8_CC_IRQHandler
                0x00000000080018e4                TIM1_CC_IRQHandler
                0x00000000080018e4                TIM6_IRQHandler
                0x00000000080018e4                PVD_IRQHandler
                0x00000000080018e4                SDIO_IRQHandler
                0x00000000080018e4                EXTI3_IRQHandler
                0x00000000080018e4                EXTI0_IRQHandler
                0x00000000080018e4                I2C2_EV_IRQHandler
                0x00000000080018e4                ADC1_2_IRQHandler
                0x00000000080018e4                SPI1_IRQHandler
                0x00000000080018e4                TAMPER_IRQHandler
                0x00000000080018e4                TIM8_UP_IRQHandler
                0x00000000080018e4                DMA2_Channel2_IRQHandler
                0x00000000080018e4                DMA1_Channel4_IRQHandler
                0x00000000080018e4                USART3_IRQHandler
                0x00000000080018e4                RTC_IRQHandler
                0x00000000080018e4                DMA1_Channel7_IRQHandler
                0x00000000080018e4                CAN1_RX1_IRQHandler
                0x00000000080018e4                UART5_IRQHandler
                0x00000000080018e4                ADC3_IRQHandler
                0x00000000080018e4                TIM4_IRQHandler
                0x00000000080018e4                DMA2_Channel1_IRQHandler
                0x00000000080018e4                I2C1_EV_IRQHandler
                0x00000000080018e4                DMA1_Channel6_IRQHandler
                0x00000000080018e4                UART4_IRQHandler
                0x00000000080018e4                TIM3_IRQHandler
                0x00000000080018e4                RCC_IRQHandler
                0x00000000080018e4                TIM1_TRG_COM_IRQHandler
                0x00000000080018e4                DMA1_Channel1_IRQHandler
                0x00000000080018e4                Default_Handler
                0x00000000080018e4                EXTI15_10_IRQHandler
                0x00000000080018e4                TIM7_IRQHandler
                0x00000000080018e4                TIM5_IRQHandler
                0x00000000080018e4                EXTI9_5_IRQHandler
                0x00000000080018e4                SPI2_IRQHandler
                0x00000000080018e4                DMA1_Channel5_IRQHandler
                0x00000000080018e4                EXTI4_IRQHandler
                0x00000000080018e4                USB_LP_CAN1_RX0_IRQHandler
                0x00000000080018e4                USB_HP_CAN1_TX_IRQHandler
                0x00000000080018e4                DMA1_Channel3_IRQHandler
                0x00000000080018e4                FSMC_IRQHandler
                0x00000000080018e4                TIM1_UP_IRQHandler
                0x00000000080018e4                WWDG_IRQHandler
                0x00000000080018e4                TIM2_IRQHandler
                0x00000000080018e4                TIM1_BRK_IRQHandler
                0x00000000080018e4                EXTI1_IRQHandler
                0x00000000080018e4                DMA2_Channel4_5_IRQHandler
                0x00000000080018e4                USART2_IRQHandler
                0x00000000080018e4                I2C2_ER_IRQHandler
                0x00000000080018e4                DMA1_Channel2_IRQHandler
                0x00000000080018e4                TIM8_BRK_IRQHandler
                0x00000000080018e4                CAN1_SCE_IRQHandler
                0x00000000080018e4                FLASH_IRQHandler
                0x00000000080018e4                USART1_IRQHandler
                0x00000000080018e4                SPI3_IRQHandler
                0x00000000080018e4                I2C1_ER_IRQHandler
                0x00000000080018e4                USBWakeUp_IRQHandler
                0x00000000080018e4                DMA2_Channel3_IRQHandler
 *fill*         0x00000000080018e6        0x2 
 .text.__libc_init_array
                0x00000000080018e8       0x4c /usr/lib/gcc/arm-none-eabi/4.9.3/../../../arm-none-eabi/lib/armv7-m/libc_nano.a(lib_a-init.o)
                0x00000000080018e8                __libc_init_array
 *(.glue_7)
 .glue_7        0x0000000008001934        0x0 linker stubs
 *(.glue_7t)
 .glue_7t       0x0000000008001934        0x0 linker stubs
 *(.eh_frame)
 .eh_frame      0x0000000008001934        0x0 /usr/lib/gcc/arm-none-eabi/4.9.3/armv7-m/crtbegin.o
 *(.init)
 .init          0x0000000008001934        0x4 /usr/lib/gcc/arm-none-eabi/4.9.3/armv7-m/crti.o
                0x0000000008001934                _init
 .init          0x0000000008001938        0x8 /usr/lib/gcc/arm-none-eabi/4.9.3/armv7-m/crtn.o
 *(.fini)
 .fini          0x0000000008001940        0x4 /usr/lib/gcc/arm-none-eabi/4.9.3/armv7-m/crti.o
                0x0000000008001940                _fini
 .fini          0x0000000008001944        0x8 /usr/lib/gcc/arm-none-eabi/4.9.3/armv7-m/crtn.o
                0x000000000800194c                . = ALIGN (0x4)
                0x000000000800194c                _etext = .

.vfp11_veneer   0x000000000800194c        0x0
 .vfp11_veneer  0x000000000800194c        0x0 linker stubs

.v4_bx          0x000000000800194c        0x0
 .v4_bx         0x000000000800194c        0x0 linker stubs

.iplt           0x000000000800194c        0x0
 .iplt          0x000000000800194c        0x0 /usr/lib/gcc/arm-none-eabi/4.9.3/armv7-m/crtbegin.o

.rodata         0x000000000800194c       0x58
                0x000000000800194c                . = ALIGN (0x4)
 *(.rodata)
 .rodata        0x000000000800194c       0x14 build/main.o
 .rodata        0x0000000008001960       0x12 build/stm32f1xx_hal_rcc.o
 *(.rodata*)
 *fill*         0x0000000008001972        0x2 
 .rodata.str1.4
                0x0000000008001974       0x18 build/main.o
 .rodata.AHBPrescTable
                0x000000000800198c       0x10 build/system_stm32f1xx.o
                0x000000000800198c                AHBPrescTable
 .rodata.str1.4
                0x000000000800199c        0x8 build/tasks.o
                                          0x5 (size before relaxing)
                0x00000000080019a4                . = ALIGN (0x4)

.rel.dyn        0x00000000080019a4        0x0
 .rel.iplt      0x00000000080019a4        0x0 /usr/lib/gcc/arm-none-eabi/4.9.3/armv7-m/crtbegin.o

.ARM.extab
 *(.ARM.extab* .gnu.linkonce.armextab.*)

.ARM            0x00000000080019a4        0x0
                0x00000000080019a4                __exidx_start = .
 *(.ARM.exidx*)
                0x00000000080019a4                __exidx_end = .

.preinit_array  0x00000000080019a4        0x0
                0x00000000080019a4                PROVIDE (__preinit_array_start, .)
 *(.preinit_array*)
                0x00000000080019a4                PROVIDE (__preinit_array_end, .)

.init_array     0x00000000080019a4        0x4
                0x00000000080019a4                PROVIDE (__init_array_start, .)
 *(SORT(.init_array.*))
 *(.init_array*)
 .init_array    0x00000000080019a4        0x4 /usr/lib/gcc/arm-none-eabi/4.9.3/armv7-m/crtbegin.o
                0x00000000080019a8                PROVIDE (__init_array_end, .)

.fini_array     0x00000000080019a8        0x4
                0x00000000080019a8                PROVIDE (__fini_array_start, .)
 *(SORT(.fini_array.*))
 *(.fini_array*)
 .fini_array    0x00000000080019a8        0x4 /usr/lib/gcc/arm-none-eabi/4.9.3/armv7-m/crtbegin.o
                0x00000000080019ac                PROVIDE (__fini_array_end, .)
                0x00000000080019ac                _sidata = LOADADDR (.data)

.data           0x0000000020000000       0x10 load address 0x00000000080019ac
                0x0000000020000000                . = ALIGN (0x4)
                0x0000000020000000                _sdata = .
 *(.data)
 *(.data*)
 .data.uwTickPrio
                0x0000000020000000        0x4 build/stm32f1xx_hal.o
                0x0000000020000000                uwTickPrio
 .data.uwTickFreq
                0x0000000020000004        0x1 build/stm32f1xx_hal.o
                0x0000000020000004                uwTickFreq
 *fill*         0x0000000020000005        0x3 
 .data.SystemCoreClock
                0x0000000020000008        0x4 build/system_stm32f1xx.o
                0x0000000020000008                SystemCoreClock
 .data.uxCriticalNesting
                0x000000002000000c        0x4 build/port.o
                0x0000000020000010                . = ALIGN (0x4)
                0x0000000020000010                _edata = .

.jcr            0x0000000020000010        0x0 load address 0x00000000080019bc
 .jcr           0x0000000020000010        0x0 /usr/lib/gcc/arm-none-eabi/4.9.3/armv7-m/crtbegin.o

.tm_clone_table
                0x0000000020000010        0x0 load address 0x00000000080019bc
 .tm_clone_table
                0x0000000020000010        0x0 /usr/lib/gcc/arm-none-eabi/4.9.3/armv7-m/crtbegin.o
 .tm_clone_table
                0x0000000020000010        0x0 /usr/lib/gcc/arm-none-eabi/4.9.3/armv7-m/crtend.o

.igot.plt       0x0000000020000010        0x0 load address 0x00000000080019bc
 .igot.plt      0x0000000020000010        0x0 /usr/lib/gcc/arm-none-eabi/4.9.3/armv7-m/crtbegin.o
                0x0000000020000010                . = ALIGN (0x4)

.bss            0x0000000020000010      0xd70 load address 0x00000000080019bc
                0x0000000020000010                _sbss = .
                0x0000000020000010                __bss_start__ = _sbss
 *(.bss)
 .bss           0x0000000020000010       0x1c /usr/lib/gcc/arm-none-eabi/4.9.3/armv7-m/crtbegin.o
 *(.bss*)
 .bss.xFreeBytesRemaining
                0x000000002000002c        0x4 build/heap_4.o
 .bss.pxEnd     0x0000000020000030        0x4 build/heap_4.o
 .bss.xStart    0x0000000020000034        0x8 build/heap_4.o
 .bss.ucHeap    0x000000002000003c      0xc00 build/heap_4.o
 .bss.xBlockAllocatedBit
                0x0000000020000c3c        0x4 build/heap_4.o
 .bss.xMinimumEverFreeBytesRemaining
                0x0000000020000c40        0x4 build/heap_4.o
 .bss.ucMaxSysCallPriority
                0x0000000020000c44        0x1 build/port.o
 *fill*         0x0000000020000c45        0x3 
 .bss.ulMaxPRIGROUPValue
                0x0000000020000c48        0x4 build/port.o
 .bss.xNumOfOverflows
                0x0000000020000c4c        0x4 build/tasks.o
 .bss.pxDelayedTaskList
                0x0000000020000c50        0x4 build/tasks.o
 .bss.xSchedulerRunning
                0x0000000020000c54        0x4 build/tasks.o
 .bss.xTasksWaitingTermination
                0x0000000020000c58       0x14 build/tasks.o
 .bss.pxOverflowDelayedTaskList
                0x0000000020000c6c        0x4 build/tasks.o
 .bss.uxPendedTicks
                0x0000000020000c70        0x4 build/tasks.o
 .bss.pxReadyTasksLists
                0x0000000020000c74       0x8c build/tasks.o
 .bss.uxSchedulerSuspended
                0x0000000020000d00        0x4 build/tasks.o
 .bss.uxDeletedTasksWaitingCleanUp
                0x0000000020000d04        0x4 build/tasks.o
 .bss.uxCurrentNumberOfTasks
                0x0000000020000d08        0x4 build/tasks.o
 .bss.pxCurrentTCB
                0x0000000020000d0c        0x4 build/tasks.o
                0x0000000020000d0c                pxCurrentTCB
 .bss.xPendingReadyList
                0x0000000020000d10       0x14 build/tasks.o
 .bss.xIdleTaskHandle
                0x0000000020000d24        0x4 build/tasks.o
 .bss.xTickCount
                0x0000000020000d28        0x4 build/tasks.o
 .bss.xNextTaskUnblockTime
                0x0000000020000d2c        0x4 build/tasks.o
 .bss.uxTaskNumber
                0x0000000020000d30        0x4 build/tasks.o
 .bss.xDelayedTaskList1
                0x0000000020000d34       0x14 build/tasks.o
 .bss.xDelayedTaskList2
                0x0000000020000d48       0x14 build/tasks.o
 .bss.xSuspendedTaskList
                0x0000000020000d5c       0x14 build/tasks.o
 .bss.uxTopReadyPriority
                0x0000000020000d70        0x4 build/tasks.o
 .bss.xYieldPending
                0x0000000020000d74        0x4 build/tasks.o
 *(COMMON)
 COMMON         0x0000000020000d78        0x4 build/main.o
                0x0000000020000d78                defaultTaskHandle
 COMMON         0x0000000020000d7c        0x4 build/stm32f1xx_hal.o
                0x0000000020000d7c                uwTick
                0x0000000020000d80                . = ALIGN (0x4)
                0x0000000020000d80                _ebss = .
                0x0000000020000d80                __bss_end__ = _ebss

._user_heap_stack
                0x0000000020000d80      0x600 load address 0x00000000080019bc
                0x0000000020000d80                . = ALIGN (0x8)
                [!provide]                        PROVIDE (end, .)
                [!provide]                        PROVIDE (_end, .)
                0x0000000020000f80                . = (. + _Min_Heap_Size)
 *fill*         0x0000000020000d80      0x200 
                0x0000000020001380                . = (. + _Min_Stack_Size)
 *fill*         0x0000000020000f80      0x400 
                0x0000000020001380                . = ALIGN (0x8)

/DISCARD/
 libc.a(*)
 libm.a(*)
 libgcc.a(*)

.ARM.attributes
                0x0000000000000000       0x29
 *(.ARM.attributes)
 .ARM.attributes
                0x0000000000000000       0x1d /usr/lib/gcc/arm-none-eabi/4.9.3/armv7-m/crti.o
 .ARM.attributes
                0x000000000000001d       0x2d /usr/lib/gcc/arm-none-eabi/4.9.3/armv7-m/crtbegin.o
 .ARM.attributes
                0x000000000000004a       0x33 build/main.o
 .ARM.attributes
                0x000000000000007d       0x33 build/stm32f1xx_it.o
 .ARM.attributes
                0x00000000000000b0       0x33 build/stm32f1xx_hal_msp.o
 .ARM.attributes
                0x00000000000000e3       0x33 build/stm32f1xx_hal.o
 .ARM.attributes
                0x0000000000000116       0x33 build/stm32f1xx_hal_rcc.o
 .ARM.attributes
                0x0000000000000149       0x33 build/stm32f1xx_hal_cortex.o
 .ARM.attributes
                0x000000000000017c       0x33 build/system_stm32f1xx.o
 .ARM.attributes
                0x00000000000001af       0x33 build/heap_4.o
 .ARM.attributes
                0x00000000000001e2       0x33 build/port.o
 .ARM.attributes
                0x0000000000000215       0x33 build/list.o
 .ARM.attributes
                0x0000000000000248       0x33 build/tasks.o
 .ARM.attributes
                0x000000000000027b       0x33 build/cmsis_os.o
 .ARM.attributes
                0x00000000000002ae       0x21 build/startup_stm32f103xe.o
 .ARM.attributes
                0x00000000000002cf       0x2d /usr/lib/gcc/arm-none-eabi/4.9.3/../../../arm-none-eabi/lib/armv7-m/libc_nano.a(lib_a-init.o)
 .ARM.attributes
                0x00000000000002fc       0x2d /usr/lib/gcc/arm-none-eabi/4.9.3/armv7-m/crtend.o
 .ARM.attributes
                0x0000000000000329       0x1d /usr/lib/gcc/arm-none-eabi/4.9.3/armv7-m/crtn.o
OUTPUT(build/freeRTos.elf elf32-littlearm)

.comment        0x0000000000000000       0x70
 .comment       0x0000000000000000       0x38 /usr/lib/gcc/arm-none-eabi/4.9.3/armv7-m/crtbegin.o
                                         0x39 (size before relaxing)
 .comment       0x0000000000000038       0x39 build/main.o
 .comment       0x0000000000000038       0x39 build/stm32f1xx_it.o
 .comment       0x0000000000000038       0x39 build/stm32f1xx_hal_msp.o
 .comment       0x0000000000000038       0x39 build/stm32f1xx_hal.o
 .comment       0x0000000000000038       0x39 build/stm32f1xx_hal_rcc.o
 .comment       0x0000000000000038       0x39 build/stm32f1xx_hal_cortex.o
 .comment       0x0000000000000038       0x39 build/system_stm32f1xx.o
 .comment       0x0000000000000038       0x39 build/heap_4.o
 .comment       0x0000000000000038       0x39 build/port.o
 .comment       0x0000000000000038       0x39 build/list.o
 .comment       0x0000000000000038       0x39 build/tasks.o
 .comment       0x0000000000000038       0x39 build/cmsis_os.o
 .comment       0x0000000000000038       0x38 /usr/lib/gcc/arm-none-eabi/4.9.3/../../../arm-none-eabi/lib/armv7-m/libc_nano.a(lib_a-init.o)
                                         0x39 (size before relaxing)
 .comment       0x0000000000000070       0x39 /usr/lib/gcc/arm-none-eabi/4.9.3/armv7-m/crtend.o

.debug_info     0x0000000000000000     0x81e7
 .debug_info    0x0000000000000000      0x8ed build/main.o
 .debug_info    0x00000000000008ed      0x168 build/stm32f1xx_it.o
 .debug_info    0x0000000000000a55      0x514 build/stm32f1xx_hal_msp.o
 .debug_info    0x0000000000000f69      0x852 build/stm32f1xx_hal.o
 .debug_info    0x00000000000017bb      0xa9c build/stm32f1xx_hal_rcc.o
 .debug_info    0x0000000000002257      0xd1a build/stm32f1xx_hal_cortex.o
 .debug_info    0x0000000000002f71      0x412 build/system_stm32f1xx.o
 .debug_info    0x0000000000003383      0x44e build/heap_4.o
 .debug_info    0x00000000000037d1      0x4fb build/port.o
 .debug_info    0x0000000000003ccc      0x2c9 build/list.o
 .debug_info    0x0000000000003f95     0x22a3 build/tasks.o
 .debug_info    0x0000000000006238     0x1e5a build/cmsis_os.o
 .debug_info    0x0000000000008092       0x50 build/startup_stm32f103xe.o
 .debug_info    0x00000000000080e2      0x105 /usr/lib/gcc/arm-none-eabi/4.9.3/../../../arm-none-eabi/lib/armv7-m/libc_nano.a(lib_a-init.o)

.debug_abbrev   0x0000000000000000     0x1a20
 .debug_abbrev  0x0000000000000000      0x21a build/main.o
 .debug_abbrev  0x000000000000021a       0x9f build/stm32f1xx_it.o
 .debug_abbrev  0x00000000000002b9      0x134 build/stm32f1xx_hal_msp.o
 .debug_abbrev  0x00000000000003ed      0x232 build/stm32f1xx_hal.o
 .debug_abbrev  0x000000000000061f      0x2aa build/stm32f1xx_hal_rcc.o
 .debug_abbrev  0x00000000000008c9      0x2bf build/stm32f1xx_hal_cortex.o
 .debug_abbrev  0x0000000000000b88      0x122 build/system_stm32f1xx.o
 .debug_abbrev  0x0000000000000caa      0x228 build/heap_4.o
 .debug_abbrev  0x0000000000000ed2      0x272 build/port.o
 .debug_abbrev  0x0000000000001144       0xf8 build/list.o
 .debug_abbrev  0x000000000000123c      0x39d build/tasks.o
 .debug_abbrev  0x00000000000015d9      0x37b build/cmsis_os.o
 .debug_abbrev  0x0000000000001954       0x12 build/startup_stm32f103xe.o
 .debug_abbrev  0x0000000000001966       0xba /usr/lib/gcc/arm-none-eabi/4.9.3/../../../arm-none-eabi/lib/armv7-m/libc_nano.a(lib_a-init.o)

.debug_loc      0x0000000000000000     0x4165
 .debug_loc     0x0000000000000000       0xd2 build/main.o
 .debug_loc     0x00000000000000d2       0x20 build/stm32f1xx_it.o
 .debug_loc     0x00000000000000f2       0x38 build/stm32f1xx_hal_msp.o
 .debug_loc     0x000000000000012a      0x1a8 build/stm32f1xx_hal.o
 .debug_loc     0x00000000000002d2      0x6fc build/stm32f1xx_hal_rcc.o
 .debug_loc     0x00000000000009ce      0x545 build/stm32f1xx_hal_cortex.o
 .debug_loc     0x0000000000000f13       0xe4 build/system_stm32f1xx.o
 .debug_loc     0x0000000000000ff7      0x33d build/heap_4.o
 .debug_loc     0x0000000000001334      0x106 build/port.o
 .debug_loc     0x000000000000143a       0x91 build/list.o
 .debug_loc     0x00000000000014cb     0x1647 build/tasks.o
 .debug_loc     0x0000000000002b12     0x160b build/cmsis_os.o
 .debug_loc     0x000000000000411d       0x48 /usr/lib/gcc/arm-none-eabi/4.9.3/../../../arm-none-eabi/lib/armv7-m/libc_nano.a(lib_a-init.o)

.debug_aranges  0x0000000000000000      0x780
 .debug_aranges
                0x0000000000000000       0x40 build/main.o
 .debug_aranges
                0x0000000000000040       0x50 build/stm32f1xx_it.o
 .debug_aranges
                0x0000000000000090       0x20 build/stm32f1xx_hal_msp.o
 .debug_aranges
                0x00000000000000b0       0xd0 build/stm32f1xx_hal.o
 .debug_aranges
                0x0000000000000180       0x90 build/stm32f1xx_hal_rcc.o
 .debug_aranges
                0x0000000000000210       0x90 build/stm32f1xx_hal_cortex.o
 .debug_aranges
                0x00000000000002a0       0x28 build/system_stm32f1xx.o
 .debug_aranges
                0x00000000000002c8       0x50 build/heap_4.o
 .debug_aranges
                0x0000000000000318       0x78 build/port.o
 .debug_aranges
                0x0000000000000390       0x40 build/list.o
 .debug_aranges
                0x00000000000003d0      0x190 build/tasks.o
 .debug_aranges
                0x0000000000000560      0x1d8 build/cmsis_os.o
 .debug_aranges
                0x0000000000000738       0x28 build/startup_stm32f103xe.o
 .debug_aranges
                0x0000000000000760       0x20 /usr/lib/gcc/arm-none-eabi/4.9.3/../../../arm-none-eabi/lib/armv7-m/libc_nano.a(lib_a-init.o)

.debug_ranges   0x0000000000000000      0x6f8
 .debug_ranges  0x0000000000000000       0x30 build/main.o
 .debug_ranges  0x0000000000000030       0x40 build/stm32f1xx_it.o
 .debug_ranges  0x0000000000000070       0x10 build/stm32f1xx_hal_msp.o
 .debug_ranges  0x0000000000000080       0xc0 build/stm32f1xx_hal.o
 .debug_ranges  0x0000000000000140       0x98 build/stm32f1xx_hal_rcc.o
 .debug_ranges  0x00000000000001d8       0x80 build/stm32f1xx_hal_cortex.o
 .debug_ranges  0x0000000000000258       0x18 build/system_stm32f1xx.o
 .debug_ranges  0x0000000000000270       0x40 build/heap_4.o
 .debug_ranges  0x00000000000002b0       0x68 build/port.o
 .debug_ranges  0x0000000000000318       0x30 build/list.o
 .debug_ranges  0x0000000000000348      0x1b8 build/tasks.o
 .debug_ranges  0x0000000000000500      0x1c8 build/cmsis_os.o
 .debug_ranges  0x00000000000006c8       0x20 build/startup_stm32f103xe.o
 .debug_ranges  0x00000000000006e8       0x10 /usr/lib/gcc/arm-none-eabi/4.9.3/../../../arm-none-eabi/lib/armv7-m/libc_nano.a(lib_a-init.o)

.debug_line     0x0000000000000000     0x2bb5
 .debug_line    0x0000000000000000      0x277 build/main.o
 .debug_line    0x0000000000000277      0x1a7 build/stm32f1xx_it.o
 .debug_line    0x000000000000041e      0x142 build/stm32f1xx_hal_msp.o
 .debug_line    0x0000000000000560      0x331 build/stm32f1xx_hal.o
 .debug_line    0x0000000000000891      0x4b1 build/stm32f1xx_hal_rcc.o
 .debug_line    0x0000000000000d42      0x2b5 build/stm32f1xx_hal_cortex.o
 .debug_line    0x0000000000000ff7      0x13c build/system_stm32f1xx.o
 .debug_line    0x0000000000001133      0x296 build/heap_4.o
 .debug_line    0x00000000000013c9      0x2aa build/port.o
 .debug_line    0x0000000000001673      0x1a7 build/list.o
 .debug_line    0x000000000000181a      0xaa1 build/tasks.o
 .debug_line    0x00000000000022bb      0x7d1 build/cmsis_os.o
 .debug_line    0x0000000000002a8c       0x72 build/startup_stm32f103xe.o
 .debug_line    0x0000000000002afe       0xb7 /usr/lib/gcc/arm-none-eabi/4.9.3/../../../arm-none-eabi/lib/armv7-m/libc_nano.a(lib_a-init.o)

.debug_str      0x0000000000000000     0x2a98
 .debug_str     0x0000000000000000      0x963 build/main.o
                                        0x9c0 (size before relaxing)
 .debug_str     0x0000000000000963       0xa5 build/stm32f1xx_it.o
                                        0x1dd (size before relaxing)
 .debug_str     0x0000000000000a08       0x6f build/stm32f1xx_hal_msp.o
                                        0x5d9 (size before relaxing)
 .debug_str     0x0000000000000a77      0x2b7 build/stm32f1xx_hal.o
                                        0x8b3 (size before relaxing)
 .debug_str     0x0000000000000d2e      0x250 build/stm32f1xx_hal_rcc.o
                                        0x5e5 (size before relaxing)
 .debug_str     0x0000000000000f7e      0x29f build/stm32f1xx_hal_cortex.o
                                        0x959 (size before relaxing)
 .debug_str     0x000000000000121d       0x4a build/system_stm32f1xx.o
                                        0x277 (size before relaxing)
 .debug_str     0x0000000000001267      0x245 build/heap_4.o
                                        0x38f (size before relaxing)
 .debug_str     0x00000000000014ac      0x277 build/port.o
                                        0x3f0 (size before relaxing)
 .debug_str     0x0000000000001723      0x141 build/list.o
                                        0x29b (size before relaxing)
 .debug_str     0x0000000000001864      0x9cd build/tasks.o
                                        0xd96 (size before relaxing)
 .debug_str     0x0000000000002231      0x6d5 build/cmsis_os.o
                                        0xd81 (size before relaxing)
 .debug_str     0x0000000000002906      0x192 /usr/lib/gcc/arm-none-eabi/4.9.3/../../../arm-none-eabi/lib/armv7-m/libc_nano.a(lib_a-init.o)
                                        0x231 (size before relaxing)

.debug_frame    0x0000000000000000     0x13b4
 .debug_frame   0x0000000000000000       0x90 build/main.o
 .debug_frame   0x0000000000000090       0x8c build/stm32f1xx_it.o
 .debug_frame   0x000000000000011c       0x30 build/stm32f1xx_hal_msp.o
 .debug_frame   0x000000000000014c      0x1c0 build/stm32f1xx_hal.o
 .debug_frame   0x000000000000030c      0x190 build/stm32f1xx_hal_rcc.o
 .debug_frame   0x000000000000049c      0x138 build/stm32f1xx_hal_cortex.o
 .debug_frame   0x00000000000005d4       0x30 build/system_stm32f1xx.o
 .debug_frame   0x0000000000000604       0xb8 build/heap_4.o
 .debug_frame   0x00000000000006bc       0xe8 build/port.o
 .debug_frame   0x00000000000007a4       0x70 build/list.o
 .debug_frame   0x0000000000000814      0x578 build/tasks.o
 .debug_frame   0x0000000000000d8c      0x5fc build/cmsis_os.o
 .debug_frame   0x0000000000001388       0x2c /usr/lib/gcc/arm-none-eabi/4.9.3/../../../arm-none-eabi/lib/armv7-m/libc_nano.a(lib_a-init.o)

Cross Reference Table

Symbol                                            File
ADC1_2_IRQHandler                                 build/startup_stm32f103xe.o
ADC3_IRQHandler                                   build/startup_stm32f103xe.o
AHBPrescTable                                     build/system_stm32f1xx.o
                                                  build/stm32f1xx_hal_rcc.o
APBPrescTable                                     build/system_stm32f1xx.o
                                                  build/stm32f1xx_hal_rcc.o
BusFault_Handler                                  build/stm32f1xx_it.o
CAN1_RX1_IRQHandler                               build/startup_stm32f103xe.o
CAN1_SCE_IRQHandler                               build/startup_stm32f103xe.o
DMA1_Channel1_IRQHandler                          build/startup_stm32f103xe.o
DMA1_Channel2_IRQHandler                          build/startup_stm32f103xe.o
DMA1_Channel3_IRQHandler                          build/startup_stm32f103xe.o
DMA1_Channel4_IRQHandler                          build/startup_stm32f103xe.o
DMA1_Channel5_IRQHandler                          build/startup_stm32f103xe.o
DMA1_Channel6_IRQHandler                          build/startup_stm32f103xe.o
DMA1_Channel7_IRQHandler                          build/startup_stm32f103xe.o
DMA2_Channel1_IRQHandler                          build/startup_stm32f103xe.o
DMA2_Channel2_IRQHandler                          build/startup_stm32f103xe.o
DMA2_Channel3_IRQHandler                          build/startup_stm32f103xe.o
DMA2_Channel4_5_IRQHandler                        build/startup_stm32f103xe.o
DebugMon_Handler                                  build/stm32f1xx_it.o
Default_Handler                                   build/startup_stm32f103xe.o
EXTI0_IRQHandler                                  build/startup_stm32f103xe.o
EXTI15_10_IRQHandler                              build/startup_stm32f103xe.o
EXTI1_IRQHandler                                  build/startup_stm32f103xe.o
EXTI2_IRQHandler                                  build/startup_stm32f103xe.o
EXTI3_IRQHandler                                  build/startup_stm32f103xe.o
EXTI4_IRQHandler                                  build/startup_stm32f103xe.o
EXTI9_5_IRQHandler                                build/startup_stm32f103xe.o
FLASH_IRQHandler                                  build/startup_stm32f103xe.o
FLASH_PageErase                                   build/stm32f1xx_hal_flash_ex.o
                                                  build/stm32f1xx_hal_flash.o
FLASH_WaitForLastOperation                        build/stm32f1xx_hal_flash.o
                                                  build/stm32f1xx_hal_flash_ex.o
FSMC_IRQHandler                                   build/startup_stm32f103xe.o
HAL_DBGMCU_DisableDBGSleepMode                    build/stm32f1xx_hal.o
HAL_DBGMCU_DisableDBGStandbyMode                  build/stm32f1xx_hal.o
HAL_DBGMCU_DisableDBGStopMode                     build/stm32f1xx_hal.o
HAL_DBGMCU_EnableDBGSleepMode                     build/stm32f1xx_hal.o
HAL_DBGMCU_EnableDBGStandbyMode                   build/stm32f1xx_hal.o
HAL_DBGMCU_EnableDBGStopMode                      build/stm32f1xx_hal.o
HAL_DMA_Abort                                     build/stm32f1xx_hal_dma.o
HAL_DMA_Abort_IT                                  build/stm32f1xx_hal_dma.o
HAL_DMA_DeInit                                    build/stm32f1xx_hal_dma.o
HAL_DMA_GetError                                  build/stm32f1xx_hal_dma.o
HAL_DMA_GetState                                  build/stm32f1xx_hal_dma.o
HAL_DMA_IRQHandler                                build/stm32f1xx_hal_dma.o
HAL_DMA_Init                                      build/stm32f1xx_hal_dma.o
HAL_DMA_PollForTransfer                           build/stm32f1xx_hal_dma.o
HAL_DMA_RegisterCallback                          build/stm32f1xx_hal_dma.o
HAL_DMA_Start                                     build/stm32f1xx_hal_dma.o
HAL_DMA_Start_IT                                  build/stm32f1xx_hal_dma.o
HAL_DMA_UnRegisterCallback                        build/stm32f1xx_hal_dma.o
HAL_DeInit                                        build/stm32f1xx_hal.o
HAL_Delay                                         build/stm32f1xx_hal.o
HAL_FLASHEx_Erase                                 build/stm32f1xx_hal_flash_ex.o
HAL_FLASHEx_Erase_IT                              build/stm32f1xx_hal_flash_ex.o
HAL_FLASHEx_OBErase                               build/stm32f1xx_hal_flash_ex.o
HAL_FLASHEx_OBGetConfig                           build/stm32f1xx_hal_flash_ex.o
HAL_FLASHEx_OBGetUserData                         build/stm32f1xx_hal_flash_ex.o
HAL_FLASHEx_OBProgram                             build/stm32f1xx_hal_flash_ex.o
HAL_FLASH_EndOfOperationCallback                  build/stm32f1xx_hal_flash.o
HAL_FLASH_GetError                                build/stm32f1xx_hal_flash.o
HAL_FLASH_IRQHandler                              build/stm32f1xx_hal_flash.o
HAL_FLASH_Lock                                    build/stm32f1xx_hal_flash.o
HAL_FLASH_OB_Launch                               build/stm32f1xx_hal_flash.o
HAL_FLASH_OB_Lock                                 build/stm32f1xx_hal_flash.o
HAL_FLASH_OB_Unlock                               build/stm32f1xx_hal_flash.o
HAL_FLASH_OperationErrorCallback                  build/stm32f1xx_hal_flash.o
HAL_FLASH_Program                                 build/stm32f1xx_hal_flash.o
HAL_FLASH_Program_IT                              build/stm32f1xx_hal_flash.o
HAL_FLASH_Unlock                                  build/stm32f1xx_hal_flash.o
HAL_GPIOEx_ConfigEventout                         build/stm32f1xx_hal_gpio_ex.o
HAL_GPIOEx_DisableEventout                        build/stm32f1xx_hal_gpio_ex.o
HAL_GPIOEx_EnableEventout                         build/stm32f1xx_hal_gpio_ex.o
HAL_GPIO_DeInit                                   build/stm32f1xx_hal_gpio.o
HAL_GPIO_EXTI_Callback                            build/stm32f1xx_hal_gpio.o
HAL_GPIO_EXTI_IRQHandler                          build/stm32f1xx_hal_gpio.o
HAL_GPIO_Init                                     build/stm32f1xx_hal_gpio.o
                                                  build/stm32f1xx_hal_rcc.o
HAL_GPIO_LockPin                                  build/stm32f1xx_hal_gpio.o
HAL_GPIO_ReadPin                                  build/stm32f1xx_hal_gpio.o
HAL_GPIO_TogglePin                                build/stm32f1xx_hal_gpio.o
HAL_GPIO_WritePin                                 build/stm32f1xx_hal_gpio.o
HAL_GetDEVID                                      build/stm32f1xx_hal.o
HAL_GetHalVersion                                 build/stm32f1xx_hal.o
HAL_GetREVID                                      build/stm32f1xx_hal.o
HAL_GetTick                                       build/stm32f1xx_hal.o
                                                  build/stm32f1xx_hal_flash.o
                                                  build/stm32f1xx_hal_dma.o
                                                  build/stm32f1xx_hal_rcc_ex.o
                                                  build/stm32f1xx_hal_rcc.o
HAL_GetTickFreq                                   build/stm32f1xx_hal.o
HAL_GetTickPrio                                   build/stm32f1xx_hal.o
HAL_GetUID                                        build/stm32f1xx_hal.o
HAL_IncTick                                       build/stm32f1xx_hal.o
                                                  build/stm32f1xx_it.o
HAL_Init                                          build/stm32f1xx_hal.o
                                                  build/main.o
HAL_InitTick                                      build/stm32f1xx_hal.o
                                                  build/stm32f1xx_hal_rcc.o
HAL_MspDeInit                                     build/stm32f1xx_hal.o
HAL_MspInit                                       build/stm32f1xx_hal_msp.o
HAL_NVIC_ClearPendingIRQ                          build/stm32f1xx_hal_cortex.o
HAL_NVIC_DisableIRQ                               build/stm32f1xx_hal_cortex.o
HAL_NVIC_EnableIRQ                                build/stm32f1xx_hal_cortex.o
HAL_NVIC_GetActive                                build/stm32f1xx_hal_cortex.o
HAL_NVIC_GetPendingIRQ                            build/stm32f1xx_hal_cortex.o
HAL_NVIC_GetPriority                              build/stm32f1xx_hal_cortex.o
HAL_NVIC_GetPriorityGrouping                      build/stm32f1xx_hal_cortex.o
HAL_NVIC_SetPendingIRQ                            build/stm32f1xx_hal_cortex.o
HAL_NVIC_SetPriority                              build/stm32f1xx_hal_cortex.o
                                                  build/stm32f1xx_hal.o
                                                  build/stm32f1xx_hal_msp.o
                                                  build/main.o
HAL_NVIC_SetPriorityGrouping                      build/stm32f1xx_hal_cortex.o
                                                  build/stm32f1xx_hal.o
                                                  build/stm32f1xx_hal_msp.o
HAL_NVIC_SystemReset                              build/stm32f1xx_hal_cortex.o
                                                  build/stm32f1xx_hal_flash.o
HAL_PWR_ConfigPVD                                 build/stm32f1xx_hal_pwr.o
HAL_PWR_DeInit                                    build/stm32f1xx_hal_pwr.o
HAL_PWR_DisableBkUpAccess                         build/stm32f1xx_hal_pwr.o
HAL_PWR_DisablePVD                                build/stm32f1xx_hal_pwr.o
HAL_PWR_DisableSEVOnPend                          build/stm32f1xx_hal_pwr.o
HAL_PWR_DisableSleepOnExit                        build/stm32f1xx_hal_pwr.o
HAL_PWR_DisableWakeUpPin                          build/stm32f1xx_hal_pwr.o
HAL_PWR_EnableBkUpAccess                          build/stm32f1xx_hal_pwr.o
HAL_PWR_EnablePVD                                 build/stm32f1xx_hal_pwr.o
HAL_PWR_EnableSEVOnPend                           build/stm32f1xx_hal_pwr.o
HAL_PWR_EnableSleepOnExit                         build/stm32f1xx_hal_pwr.o
HAL_PWR_EnableWakeUpPin                           build/stm32f1xx_hal_pwr.o
HAL_PWR_EnterSLEEPMode                            build/stm32f1xx_hal_pwr.o
HAL_PWR_EnterSTANDBYMode                          build/stm32f1xx_hal_pwr.o
HAL_PWR_EnterSTOPMode                             build/stm32f1xx_hal_pwr.o
HAL_PWR_PVDCallback                               build/stm32f1xx_hal_pwr.o
HAL_PWR_PVD_IRQHandler                            build/stm32f1xx_hal_pwr.o
HAL_RCCEx_GetPeriphCLKConfig                      build/stm32f1xx_hal_rcc_ex.o
HAL_RCCEx_GetPeriphCLKFreq                        build/stm32f1xx_hal_rcc_ex.o
HAL_RCCEx_PeriphCLKConfig                         build/stm32f1xx_hal_rcc_ex.o
HAL_RCC_CSSCallback                               build/stm32f1xx_hal_rcc.o
HAL_RCC_ClockConfig                               build/stm32f1xx_hal_rcc.o
                                                  build/main.o
HAL_RCC_DeInit                                    build/stm32f1xx_hal_rcc.o
HAL_RCC_DisableCSS                                build/stm32f1xx_hal_rcc.o
HAL_RCC_EnableCSS                                 build/stm32f1xx_hal_rcc.o
HAL_RCC_GetClockConfig                            build/stm32f1xx_hal_rcc.o
HAL_RCC_GetHCLKFreq                               build/stm32f1xx_hal_rcc.o
                                                  build/main.o
HAL_RCC_GetOscConfig                              build/stm32f1xx_hal_rcc.o
HAL_RCC_GetPCLK1Freq                              build/stm32f1xx_hal_rcc.o
HAL_RCC_GetPCLK2Freq                              build/stm32f1xx_hal_rcc.o
                                                  build/stm32f1xx_hal_rcc_ex.o
HAL_RCC_GetSysClockFreq                           build/stm32f1xx_hal_rcc.o
                                                  build/stm32f1xx_hal_rcc_ex.o
HAL_RCC_MCOConfig                                 build/stm32f1xx_hal_rcc.o
HAL_RCC_NMI_IRQHandler                            build/stm32f1xx_hal_rcc.o
HAL_RCC_OscConfig                                 build/stm32f1xx_hal_rcc.o
                                                  build/main.o
HAL_ResumeTick                                    build/stm32f1xx_hal.o
HAL_SYSTICK_CLKSourceConfig                       build/stm32f1xx_hal_cortex.o
                                                  build/main.o
HAL_SYSTICK_Callback                              build/stm32f1xx_hal_cortex.o
HAL_SYSTICK_Config                                build/stm32f1xx_hal_cortex.o
                                                  build/stm32f1xx_hal.o
                                                  build/main.o
HAL_SYSTICK_IRQHandler                            build/stm32f1xx_hal_cortex.o
HAL_SetTickFreq                                   build/stm32f1xx_hal.o
HAL_SuspendTick                                   build/stm32f1xx_hal.o
HardFault_Handler                                 build/stm32f1xx_it.o
I2C1_ER_IRQHandler                                build/startup_stm32f103xe.o
I2C1_EV_IRQHandler                                build/startup_stm32f103xe.o
I2C2_ER_IRQHandler                                build/startup_stm32f103xe.o
I2C2_EV_IRQHandler                                build/startup_stm32f103xe.o
MemManage_Handler                                 build/stm32f1xx_it.o
NMI_Handler                                       build/stm32f1xx_it.o
PVD_IRQHandler                                    build/startup_stm32f103xe.o
PendSV_Handler                                    build/port.o
RCC_IRQHandler                                    build/startup_stm32f103xe.o
RTC_Alarm_IRQHandler                              build/startup_stm32f103xe.o
RTC_IRQHandler                                    build/startup_stm32f103xe.o
Reset_Handler                                     build/startup_stm32f103xe.o
SDIO_IRQHandler                                   build/startup_stm32f103xe.o
SPI1_IRQHandler                                   build/startup_stm32f103xe.o
SPI2_IRQHandler                                   build/startup_stm32f103xe.o
SPI3_IRQHandler                                   build/startup_stm32f103xe.o
SVC_Handler                                       build/port.o
StartDefaultTask                                  build/main.o
SysTick_Handler                                   build/stm32f1xx_it.o
SystemClock_Config                                build/main.o
SystemCoreClock                                   build/system_stm32f1xx.o
                                                  build/port.o
                                                  build/stm32f1xx_hal_rcc.o
                                                  build/stm32f1xx_hal.o
SystemCoreClockUpdate                             build/system_stm32f1xx.o
SystemInit                                        build/system_stm32f1xx.o
                                                  build/startup_stm32f103xe.o
TAMPER_IRQHandler                                 build/startup_stm32f103xe.o
TIM1_BRK_IRQHandler                               build/startup_stm32f103xe.o
TIM1_CC_IRQHandler                                build/startup_stm32f103xe.o
TIM1_TRG_COM_IRQHandler                           build/startup_stm32f103xe.o
TIM1_UP_IRQHandler                                build/startup_stm32f103xe.o
TIM2_IRQHandler                                   build/startup_stm32f103xe.o
TIM3_IRQHandler                                   build/startup_stm32f103xe.o
TIM4_IRQHandler                                   build/startup_stm32f103xe.o
TIM5_IRQHandler                                   build/startup_stm32f103xe.o
TIM6_IRQHandler                                   build/startup_stm32f103xe.o
TIM7_IRQHandler                                   build/startup_stm32f103xe.o
TIM8_BRK_IRQHandler                               build/startup_stm32f103xe.o
TIM8_CC_IRQHandler                                build/startup_stm32f103xe.o
TIM8_TRG_COM_IRQHandler                           build/startup_stm32f103xe.o
TIM8_UP_IRQHandler                                build/startup_stm32f103xe.o
UART4_IRQHandler                                  build/startup_stm32f103xe.o
UART5_IRQHandler                                  build/startup_stm32f103xe.o
USART1_IRQHandler                                 build/startup_stm32f103xe.o
USART2_IRQHandler                                 build/startup_stm32f103xe.o
USART3_IRQHandler                                 build/startup_stm32f103xe.o
USBWakeUp_IRQHandler                              build/startup_stm32f103xe.o
USB_HP_CAN1_TX_IRQHandler                         build/startup_stm32f103xe.o
USB_LP_CAN1_RX0_IRQHandler                        build/startup_stm32f103xe.o
UsageFault_Handler                                build/stm32f1xx_it.o
WWDG_IRQHandler                                   build/startup_stm32f103xe.o
_Error_Handler                                    build/main.o
_ITM_deregisterTMCloneTable                       /usr/lib/gcc/arm-none-eabi/4.9.3/armv7-m/crtbegin.o
_ITM_registerTMCloneTable                         /usr/lib/gcc/arm-none-eabi/4.9.3/armv7-m/crtbegin.o
_Jv_RegisterClasses                               /usr/lib/gcc/arm-none-eabi/4.9.3/armv7-m/crtbegin.o
__TMC_END__                                       /usr/lib/gcc/arm-none-eabi/4.9.3/armv7-m/crtend.o
                                                  /usr/lib/gcc/arm-none-eabi/4.9.3/armv7-m/crtbegin.o
__atexit_dummy                                    /usr/lib/gcc/arm-none-eabi/4.9.3/../../../arm-none-eabi/lib/armv7-m/libc_nano.a(lib_a-__atexit.o)
__bss_end__                                       /usr/lib/gcc/arm-none-eabi/4.9.3/../../../arm-none-eabi/lib/armv7-m/crt0.o
__bss_start__                                     /usr/lib/gcc/arm-none-eabi/4.9.3/../../../arm-none-eabi/lib/armv7-m/crt0.o
__call_exitprocs                                  /usr/lib/gcc/arm-none-eabi/4.9.3/../../../arm-none-eabi/lib/armv7-m/libc_nano.a(lib_a-__call_atexit.o)
                                                  /usr/lib/gcc/arm-none-eabi/4.9.3/../../../arm-none-eabi/lib/armv7-m/libc_nano.a(lib_a-__atexit.o)
                                                  /usr/lib/gcc/arm-none-eabi/4.9.3/../../../arm-none-eabi/lib/armv7-m/libc_nano.a(lib_a-exit.o)
__deregister_frame_info                           /usr/lib/gcc/arm-none-eabi/4.9.3/armv7-m/crtbegin.o
__dso_handle                                      /usr/lib/gcc/arm-none-eabi/4.9.3/armv7-m/crtbegin.o
__fini_array_end                                  /usr/lib/gcc/arm-none-eabi/4.9.3/../../../arm-none-eabi/lib/armv7-m/libc_nano.a(lib_a-fini.o)
__fini_array_start                                /usr/lib/gcc/arm-none-eabi/4.9.3/../../../arm-none-eabi/lib/armv7-m/libc_nano.a(lib_a-fini.o)
__init_array_end                                  /usr/lib/gcc/arm-none-eabi/4.9.3/../../../arm-none-eabi/lib/armv7-m/libc_nano.a(lib_a-init.o)
__init_array_start                                /usr/lib/gcc/arm-none-eabi/4.9.3/../../../arm-none-eabi/lib/armv7-m/libc_nano.a(lib_a-init.o)
__libc_fini_array                                 /usr/lib/gcc/arm-none-eabi/4.9.3/../../../arm-none-eabi/lib/armv7-m/libc_nano.a(lib_a-fini.o)
                                                  /usr/lib/gcc/arm-none-eabi/4.9.3/../../../arm-none-eabi/lib/armv7-m/crt0.o
__libc_init_array                                 /usr/lib/gcc/arm-none-eabi/4.9.3/../../../arm-none-eabi/lib/armv7-m/libc_nano.a(lib_a-init.o)
                                                  build/startup_stm32f103xe.o
                                                  /usr/lib/gcc/arm-none-eabi/4.9.3/../../../arm-none-eabi/lib/armv7-m/crt0.o
__preinit_array_end                               /usr/lib/gcc/arm-none-eabi/4.9.3/../../../arm-none-eabi/lib/armv7-m/libc_nano.a(lib_a-init.o)
__preinit_array_start                             /usr/lib/gcc/arm-none-eabi/4.9.3/../../../arm-none-eabi/lib/armv7-m/libc_nano.a(lib_a-init.o)
__register_exitproc                               /usr/lib/gcc/arm-none-eabi/4.9.3/../../../arm-none-eabi/lib/armv7-m/libc_nano.a(lib_a-__atexit.o)
                                                  /usr/lib/gcc/arm-none-eabi/4.9.3/../../../arm-none-eabi/lib/armv7-m/libc_nano.a(lib_a-atexit.o)
__register_frame_info                             /usr/lib/gcc/arm-none-eabi/4.9.3/armv7-m/crtbegin.o
__sf_fake_stderr                                  /usr/lib/gcc/arm-none-eabi/4.9.3/../../../arm-none-eabi/lib/armv7-m/libc_nano.a(lib_a-impure.o)
__sf_fake_stdin                                   /usr/lib/gcc/arm-none-eabi/4.9.3/../../../arm-none-eabi/lib/armv7-m/libc_nano.a(lib_a-impure.o)
__sf_fake_stdout                                  /usr/lib/gcc/arm-none-eabi/4.9.3/../../../arm-none-eabi/lib/armv7-m/libc_nano.a(lib_a-impure.o)
__stack                                           /usr/lib/gcc/arm-none-eabi/4.9.3/../../../arm-none-eabi/lib/armv7-m/crt0.o
_ebss                                             build/startup_stm32f103xe.o
_edata                                            build/startup_stm32f103xe.o
_estack                                           build/startup_stm32f103xe.o
_exit                                             /usr/lib/gcc/arm-none-eabi/4.9.3/../../../arm-none-eabi/lib/armv7-m/libnosys.a(_exit.o)
                                                  /usr/lib/gcc/arm-none-eabi/4.9.3/../../../arm-none-eabi/lib/armv7-m/libc_nano.a(lib_a-exit.o)
_fini                                             /usr/lib/gcc/arm-none-eabi/4.9.3/armv7-m/crti.o
                                                  /usr/lib/gcc/arm-none-eabi/4.9.3/../../../arm-none-eabi/lib/armv7-m/libc_nano.a(lib_a-fini.o)
_global_atexit                                    /usr/lib/gcc/arm-none-eabi/4.9.3/../../../arm-none-eabi/lib/armv7-m/libc_nano.a(lib_a-__call_atexit.o)
                                                  /usr/lib/gcc/arm-none-eabi/4.9.3/../../../arm-none-eabi/lib/armv7-m/libc_nano.a(lib_a-__atexit.o)
_global_impure_ptr                                /usr/lib/gcc/arm-none-eabi/4.9.3/../../../arm-none-eabi/lib/armv7-m/libc_nano.a(lib_a-impure.o)
                                                  /usr/lib/gcc/arm-none-eabi/4.9.3/../../../arm-none-eabi/lib/armv7-m/libc_nano.a(lib_a-exit.o)
_impure_ptr                                       /usr/lib/gcc/arm-none-eabi/4.9.3/../../../arm-none-eabi/lib/armv7-m/libc_nano.a(lib_a-impure.o)
_init                                             /usr/lib/gcc/arm-none-eabi/4.9.3/armv7-m/crti.o
                                                  /usr/lib/gcc/arm-none-eabi/4.9.3/../../../arm-none-eabi/lib/armv7-m/libc_nano.a(lib_a-init.o)
_mainCRTStartup                                   /usr/lib/gcc/arm-none-eabi/4.9.3/../../../arm-none-eabi/lib/armv7-m/crt0.o
_sbss                                             build/startup_stm32f103xe.o
_sdata                                            build/startup_stm32f103xe.o
_sidata                                           build/startup_stm32f103xe.o
_start                                            /usr/lib/gcc/arm-none-eabi/4.9.3/../../../arm-none-eabi/lib/armv7-m/crt0.o
atexit                                            /usr/lib/gcc/arm-none-eabi/4.9.3/../../../arm-none-eabi/lib/armv7-m/libc_nano.a(lib_a-atexit.o)
                                                  /usr/lib/gcc/arm-none-eabi/4.9.3/../../../arm-none-eabi/lib/armv7-m/crt0.o
defaultTaskHandle                                 build/main.o
exit                                              /usr/lib/gcc/arm-none-eabi/4.9.3/../../../arm-none-eabi/lib/armv7-m/libc_nano.a(lib_a-exit.o)
                                                  /usr/lib/gcc/arm-none-eabi/4.9.3/../../../arm-none-eabi/lib/armv7-m/crt0.o
free                                              /usr/lib/gcc/arm-none-eabi/4.9.3/../../../arm-none-eabi/lib/armv7-m/libc_nano.a(lib_a-__call_atexit.o)
g_pfnVectors                                      build/startup_stm32f103xe.o
hardware_init_hook                                /usr/lib/gcc/arm-none-eabi/4.9.3/../../../arm-none-eabi/lib/armv7-m/crt0.o
main                                              build/main.o
                                                  build/startup_stm32f103xe.o
                                                  /usr/lib/gcc/arm-none-eabi/4.9.3/../../../arm-none-eabi/lib/armv7-m/crt0.o
malloc                                            /usr/lib/gcc/arm-none-eabi/4.9.3/../../../arm-none-eabi/lib/armv7-m/libc_nano.a(lib_a-__atexit.o)
memcpy                                            /usr/lib/gcc/arm-none-eabi/4.9.3/../../../arm-none-eabi/lib/armv7-m/libc_nano.a(lib_a-memcpy.o)
                                                  build/queue.o
memset                                            /usr/lib/gcc/arm-none-eabi/4.9.3/../../../arm-none-eabi/lib/armv7-m/libc_nano.a(lib_a-memset.o)
                                                  /usr/lib/gcc/arm-none-eabi/4.9.3/../../../arm-none-eabi/lib/armv7-m/crt0.o
osAbortDelay                                      build/cmsis_os.o
osDelay                                           build/cmsis_os.o
                                                  build/main.o
osDelayUntil                                      build/cmsis_os.o
osKernelRunning                                   build/cmsis_os.o
osKernelStart                                     build/cmsis_os.o
                                                  build/main.o
osKernelSysTick                                   build/cmsis_os.o
osMailAlloc                                       build/cmsis_os.o
osMailCAlloc                                      build/cmsis_os.o
osMailCreate                                      build/cmsis_os.o
osMailFree                                        build/cmsis_os.o
osMailGet                                         build/cmsis_os.o
osMailPut                                         build/cmsis_os.o
osMessageAvailableSpace                           build/cmsis_os.o
osMessageCreate                                   build/cmsis_os.o
osMessageDelete                                   build/cmsis_os.o
osMessageGet                                      build/cmsis_os.o
osMessagePeek                                     build/cmsis_os.o
osMessagePut                                      build/cmsis_os.o
osMessageWaiting                                  build/cmsis_os.o
osMutexCreate                                     build/cmsis_os.o
osMutexDelete                                     build/cmsis_os.o
osMutexRelease                                    build/cmsis_os.o
osMutexWait                                       build/cmsis_os.o
osPoolAlloc                                       build/cmsis_os.o
osPoolCAlloc                                      build/cmsis_os.o
osPoolCreate                                      build/cmsis_os.o
osPoolFree                                        build/cmsis_os.o
osRecursiveMutexCreate                            build/cmsis_os.o
osRecursiveMutexRelease                           build/cmsis_os.o
osRecursiveMutexWait                              build/cmsis_os.o
osSemaphoreCreate                                 build/cmsis_os.o
osSemaphoreDelete                                 build/cmsis_os.o
osSemaphoreGetCount                               build/cmsis_os.o
osSemaphoreRelease                                build/cmsis_os.o
osSemaphoreWait                                   build/cmsis_os.o
osSignalSet                                       build/cmsis_os.o
osSignalWait                                      build/cmsis_os.o
osSystickHandler                                  build/cmsis_os.o
                                                  build/stm32f1xx_it.o
osThreadCreate                                    build/cmsis_os.o
                                                  build/main.o
osThreadGetId                                     build/cmsis_os.o
osThreadGetPriority                               build/cmsis_os.o
osThreadList                                      build/cmsis_os.o
osThreadResume                                    build/cmsis_os.o
osThreadResumeAll                                 build/cmsis_os.o
osThreadSetPriority                               build/cmsis_os.o
osThreadSuspend                                   build/cmsis_os.o
osThreadSuspendAll                                build/cmsis_os.o
osThreadTerminate                                 build/cmsis_os.o
osThreadYield                                     build/cmsis_os.o
osTimerCreate                                     build/cmsis_os.o
osTimerDelete                                     build/cmsis_os.o
osTimerStart                                      build/cmsis_os.o
osTimerStop                                       build/cmsis_os.o
pFlash                                            build/stm32f1xx_hal_flash.o
                                                  build/stm32f1xx_hal_flash_ex.o
pcQueueGetName                                    build/queue.o
pcTaskGetName                                     build/tasks.o
pvPortMalloc                                      build/heap_4.o
                                                  build/cmsis_os.o
                                                  build/tasks.o
                                                  build/queue.o
                                                  build/event_groups.o
pvTaskIncrementMutexHeldCount                     build/tasks.o
                                                  build/queue.o
pxCurrentTCB                                      build/tasks.o
                                                  build/port.o
pxPortInitialiseStack                             build/port.o
                                                  build/tasks.o
software_init_hook                                /usr/lib/gcc/arm-none-eabi/4.9.3/../../../arm-none-eabi/lib/armv7-m/crt0.o
ulTaskNotifyTake                                  build/tasks.o
uwTick                                            build/stm32f1xx_hal.o
uwTickFreq                                        build/stm32f1xx_hal.o
uwTickPrio                                        build/stm32f1xx_hal.o
uxListRemove                                      build/list.o
                                                  build/tasks.o
uxQueueMessagesWaiting                            build/queue.o
                                                  build/cmsis_os.o
uxQueueMessagesWaitingFromISR                     build/queue.o
                                                  build/cmsis_os.o
uxQueueSpacesAvailable                            build/queue.o
                                                  build/cmsis_os.o
uxTaskGetNumberOfTasks                            build/tasks.o
uxTaskPriorityGet                                 build/tasks.o
                                                  build/cmsis_os.o
uxTaskPriorityGetFromISR                          build/tasks.o
                                                  build/cmsis_os.o
uxTaskResetEventItemValue                         build/tasks.o
                                                  build/event_groups.o
vEventGroupClearBitsCallback                      build/event_groups.o
vEventGroupDelete                                 build/event_groups.o
vEventGroupSetBitsCallback                        build/event_groups.o
vListInitialise                                   build/list.o
                                                  build/tasks.o
                                                  build/queue.o
                                                  build/event_groups.o
vListInitialiseItem                               build/list.o
                                                  build/tasks.o
vListInsert                                       build/list.o
                                                  build/tasks.o
vListInsertEnd                                    build/list.o
                                                  build/tasks.o
vPortEndScheduler                                 build/port.o
                                                  build/tasks.o
vPortEnterCritical                                build/port.o
                                                  build/cmsis_os.o
                                                  build/tasks.o
                                                  build/queue.o
                                                  build/event_groups.o
vPortExitCritical                                 build/port.o
                                                  build/cmsis_os.o
                                                  build/tasks.o
                                                  build/queue.o
                                                  build/event_groups.o
vPortFree                                         build/heap_4.o
                                                  build/cmsis_os.o
                                                  build/tasks.o
                                                  build/queue.o
                                                  build/event_groups.o
vPortInitialiseBlocks                             build/heap_4.o
vPortSetupTimerInterrupt                          build/port.o
vPortValidateInterruptPriority                    build/port.o
                                                  build/tasks.o
                                                  build/queue.o
vQueueAddToRegistry                               build/queue.o
vQueueDelete                                      build/queue.o
                                                  build/cmsis_os.o
vQueueUnregisterQueue                             build/queue.o
vTaskDelay                                        build/tasks.o
                                                  build/cmsis_os.o
vTaskDelete                                       build/tasks.o
                                                  build/cmsis_os.o
vTaskEndScheduler                                 build/tasks.o
vTaskMissedYield                                  build/tasks.o
                                                  build/queue.o
vTaskNotifyGiveFromISR                            build/tasks.o
vTaskPlaceOnEventList                             build/tasks.o
                                                  build/queue.o
vTaskPlaceOnUnorderedEventList                    build/tasks.o
                                                  build/event_groups.o
vTaskPriorityInherit                              build/tasks.o
                                                  build/queue.o
vTaskPrioritySet                                  build/tasks.o
                                                  build/cmsis_os.o
vTaskResume                                       build/tasks.o
                                                  build/cmsis_os.o
vTaskSetTimeOutState                              build/tasks.o
                                                  build/queue.o
vTaskStartScheduler                               build/tasks.o
                                                  build/cmsis_os.o
vTaskSuspend                                      build/tasks.o
                                                  build/cmsis_os.o
vTaskSuspendAll                                   build/tasks.o
                                                  build/cmsis_os.o
                                                  build/queue.o
                                                  build/event_groups.o
                                                  build/heap_4.o
vTaskSwitchContext                                build/tasks.o
                                                  build/port.o
xEventGroupClearBits                              build/event_groups.o
xEventGroupCreate                                 build/event_groups.o
xEventGroupGetBitsFromISR                         build/event_groups.o
xEventGroupSetBits                                build/event_groups.o
xEventGroupSync                                   build/event_groups.o
xEventGroupWaitBits                               build/event_groups.o
xPortGetFreeHeapSize                              build/heap_4.o
xPortGetMinimumEverFreeHeapSize                   build/heap_4.o
xPortStartScheduler                               build/port.o
                                                  build/tasks.o
xPortSysTickHandler                               build/port.o
                                                  build/cmsis_os.o
xQueueCreateMutex                                 build/queue.o
                                                  build/cmsis_os.o
xQueueGenericCreate                               build/queue.o
                                                  build/cmsis_os.o
xQueueGenericReceive                              build/queue.o
                                                  build/cmsis_os.o
xQueueGenericReset                                build/queue.o
xQueueGenericSend                                 build/queue.o
                                                  build/cmsis_os.o
xQueueGenericSendFromISR                          build/queue.o
                                                  build/cmsis_os.o
xQueueGiveFromISR                                 build/queue.o
                                                  build/cmsis_os.o
xQueueIsQueueEmptyFromISR                         build/queue.o
xQueueIsQueueFullFromISR                          build/queue.o
xQueuePeekFromISR                                 build/queue.o
xQueueReceiveFromISR                              build/queue.o
                                                  build/cmsis_os.o
xQueueRegistry                                    build/queue.o
xTaskCheckForTimeOut                              build/tasks.o
                                                  build/queue.o
xTaskCreate                                       build/tasks.o
                                                  build/cmsis_os.o
xTaskGenericNotify                                build/tasks.o
                                                  build/cmsis_os.o
xTaskGenericNotifyFromISR                         build/tasks.o
                                                  build/cmsis_os.o
xTaskGetCurrentTaskHandle                         build/tasks.o
                                                  build/cmsis_os.o
xTaskGetSchedulerState                            build/tasks.o
                                                  build/cmsis_os.o
                                                  build/queue.o
                                                  build/event_groups.o
xTaskGetTickCount                                 build/tasks.o
                                                  build/cmsis_os.o
xTaskGetTickCountFromISR                          build/tasks.o
                                                  build/cmsis_os.o
xTaskIncrementTick                                build/tasks.o
                                                  build/port.o
xTaskNotifyStateClear                             build/tasks.o
xTaskNotifyWait                                   build/tasks.o
                                                  build/cmsis_os.o
xTaskPriorityDisinherit                           build/tasks.o
                                                  build/queue.o
xTaskRemoveFromEventList                          build/tasks.o
                                                  build/queue.o
xTaskRemoveFromUnorderedEventList                 build/tasks.o
                                                  build/event_groups.o
xTaskResumeAll                                    build/tasks.o
                                                  build/cmsis_os.o
                                                  build/queue.o
                                                  build/event_groups.o
                                                  build/heap_4.o
xTaskResumeFromISR                                build/tasks.o
                                                  build/cmsis_os.o
